// Jest Snapshot v1, https://goo.gl/fbAQLP

exports[`Overlay component should match snapshot 1`] = `
<div>
  <div
    class="css-1hdj22u-Overlay"
  >
    test
  </div>
</div>
`;
