// Jest Snapshot v1, https://goo.gl/fbAQLP

exports[`Button Component Should match snapshot 1`] = `
<div>
  <button
    class="css-1cf1hkw-Button"
  >
    Button
  </button>
</div>
`;
