// Jest Snapshot v1, https://goo.gl/fbAQLP

exports[`Theme Provider Should merge themes 1`] = `
<div>
  <div />
</div>
`;
