// Jest Snapshot v1, https://goo.gl/fbAQLP

exports[`Tooltip Component Should match snapshot 1`] = `
<div>
  <div
    class="css-108m3ho-Tooltip"
  >
    <div
      id="test"
      style="width: 100px; height: 100px;"
    />
  </div>
</div>
`;
