// Jest Snapshot v1, https://goo.gl/fbAQLP

exports[`Text Component Should match snapshot 1`] = `
<div>
  <div
    class="css-zfdk4x-Text css-vurnku"
  >
    Hero
  </div>
</div>
`;
