// Jest Snapshot v1, https://goo.gl/fbAQLP

exports[`Icon Component Should match snapshot 1`] = `
<div>
  <i
    class="material-icons  css-zif8ik-Icon"
  >
    accessibility
  </i>
</div>
`;
