// Jest Snapshot v1, https://goo.gl/fbAQLP

exports[`Input Component Should match snapshot 1`] = `
<div>
  <div
    class="css-1ikh15u-Input"
  >
    <div
      class="css-10vyt3z-Input"
    >
      <label
        class="css-1t4h8g8-Input"
        for="test"
      >
        test
      </label>
    </div>
    <div
      class="css-19x8k4x-Input"
    >
      <input
        class="css-1wao7ws-Input"
        id="test"
        value=""
      />
    </div>
  </div>
</div>
`;
